[  000000] nitialincgroup bsysput
[    00000 Itializi croup sbsyscpu
[  00000 Inialin cgrp subs uact
[    0.00000]Linux version 4..0-34-generic (buildd@lgw01-20) (gcc version 5.3.1 2160413 (Ubuntu 5.3.1-14ubuntu2.1) ) #53-Ubuntu SMP Wed Jul 27 16:06:39 UTC 2016 (Ubuntu 4.4.0-34.53-generic 4.4.15)
[    0.000000] Command line: BOOT_IMAE=/bt/liuz-4..034enic root=UUID=8681da2f-4b78cc-9998eac  conletty1 conletyS0
  0.00000]ERELuportecp:
[  00000]  Intel enuiInel
[  0000000]   AMD utnticAMD[   0.000000]  enurCentaurHauls
[  .000] x8fpu:ste_ffse2]:  576, xsteizes[2] 256
[    0.000000] x86/fpu: Spoing XSA feate 01: 'x87 floatingpont risers
[  0.000] x8fp Supporting XSAVE feature 0x02: 'SSE registers'
[    0.000000] x86/fpu: Supporting XSAVE feature 0x04: 'AVX registers'
[    0.000000] x86/fpu: Enabled xstate features 0x7, context size is 832 bytes, using 'standard' format.
[    0.000000] x86/fpu: Using 'lazy' FPU context switches.
[    0.000000] e820: BIOS-provided physical RAM map:
[    0.000000] BIOS-e820: [mem 0x0000000000000000-0x000000000009fbff] usable
[    0.000000] BIOS-e820: [mem 0x000000000009fc00-0x000000000009ffff] reserved
[    0.000000] BIOS-e820: [mem 0x00000000000f0000-0x00000000000fffff] reserved
[    0.000000] BIOS-e820: [mem 0x0000000000100000-0x00000000dffeffff] usable
[    0.000000] BIOS-e820: [mem 0x00000000dfff0000-0x00000000dfffffff] ACPI data
[    0.000000] BIOS-e820: [mem 0x00000000fec00000-0x00000000fec00fff] reserved
[    0.000000] BIOS-e820: [mem 0x00000000fee00000-0x00000000fee00fff] reserved
[    0.000000] BIOS-e820: [mem 0x00000000fffc0000-0x00000000ffffffff] reserved
[    0.000000] BIOS-e820: [mem 0x0000000100000000-0x000000011fffffff] usable
[    0.000000] NX (Execute Disable) protection: active
[    0.000000] SMBIOS 2.5 present.
[    0.000000] Hypervisor detected: KVM
[    0.000000] e820: last_pfn = 0x120000 max_arch_pfn = 0x400000000
[    0.000000] x86/PAT: Configuration [0-7]: WB  WC  UC- UC  WB  WC  UC- WT  
[    0.000000] MTRR: Disabled
[    0.000000] CPU MTRRs all blank - virtualized system.
[    0.000000] e820: last_pfn = 0xdfff0 max_arch_pfn = 0x400000000
[    0.000000] found SMP MP-table at [mem 0x0009fff0-0x0009ffff] mapped at [ffff88000009fff0]
[  0.0000] Scanning 1 areas for low memory corruption
[   0.000000] RAMDISK: [mem 0x34ede000-0x36766fff]
[    0.000000] ACPI: Early table checksum verification disabled
[    0.000000] ACPI: RSDP 0x00000000000E0000 000024 (v02 VBOX  )
[    0.000000] ACPI: XSDT 0x00000000DFFF0030 00003C (v01 VBOX   VBOXXSDT 00000001 ASL  00000061)
[    0.000000] ACPI: FACP 0x00000000DFFF00F0 0000F4 (v04 VBOX   VBOXFACP 00000001 ASL  00000061)
[    0.000000] ACPI: DSDT 0x00000000DFFF0480 00210F (v01 VBOX   VBOXBIOS 00000002 INTL 20160108)
[    0.000000] ACPI: FACS 0x00000000DFFF0200 000040
[    0.000000] ACPI: FACS 0x00000000DFFF0200 000040
[    0.000000] ACPI: APIC 0x00000000DFFF0240 00006C (v02 VBOX   VBOXAPIC 00000001 ASL  00000061)
[    0.000000] ACPI: SSDT 0x00000000DFFF02B0 0001CC (v01 VBOX   VBOXCPUT 00000002 INTL 20160108)
[    0.000000] No NUMA configuration found
[    0.000000] Faking a node at [mem 0x0000000000000000-0x000000011fffffff]
[    0.000000] NODE_DATA(0) allocated [mem 0x11fff7000-0x11fffbfff]
[    0.000000] kvm-clock: Using msrs 4b564d01 and 4b564d00
[    0.000000] kvm-clock: cpu 0, msr 1:1fff3001, primary cpu clock
[    0.000000] kvm-clock: using sched offset of 3790301270 cycles
[    0.000000] clocksource: kvm-clock: mask: 0xffffffffffffffff max_cycles: 0x1cd42e4dffb, max_idle_ns: 881590591483 ns
[    0.000000] Zone ranges:
[    0.000000]   DMA      [mem 0x0000000000001000-0x0000000000ffffff]
[    0.000000]   DMA32    [mem 0x0000000001000000-0x00000000ffffffff]
[    0.000000]   Normal   [mem 0x0000000100000000-0x000000011fffffff]
[    0.000000]   Device   empty
[    0.000000] Movable zone start for each node
[    0.000000] Early memory node ranges
[    0.000000]   node   0: [mem 0x0000000000001000-0x000000000009efff]
[    0.000000]   node   0: [mem 0x0000000000100000-0x00000000dffeffff]
[    0.000000]   node 0: [m x000010000-0000011ffffff
[    0.000000] Initm ttup node [mem 0x0000000000001000-0x000000011fffffff]
[   .00000]CP: M-Timer IO Port: 0x4008
[    0.000000] IOAPIC[0]: apic_id 4, version 32, address0xec0000, SI-23
[    0.000000] ACPI: INT_SRC_OVR (bus 0 bus_irq 0 global_irq 2 dfl dfl)
[    0.000000] ACPI: INT_SRC_OVR (bus 0 bus_irq 9 global_irq 9 high level)
[    0.000000] Using ACPI (MADT) for SMP configuration information
[    0.000000] smpboot: Allowing 4 CPUs, 0 hotplug CPUs
[    0.000000] PM: Registered nosave memory: [mem 0x00000000-0x00000fff]
[    0.000000] PM: Registered nosave memory: [mem 0x0009f000-0x0009fff]   0.000000] PM: Registered nosave memory: [mem 0x000a0000-0x000effff]
[    0.000000] PM: Regiserd osaveemry [mem x00f0000-0x000fffff]
[    0.000000] PM: Registered nosave memory: [mem 0xdfff0000-0xdfffffff]
[    0.000000] PM: Registered nosave memory: [mem 0xe0000000-0xfebfffff]
[    0.000000] PM: Registered nosave memory: [mem 0xfec00000-0xfec00fff]
[    0.000000] PM: Registered nosave memory: [mem 0xfec01000-0xfedfffff]
[    0.000000] PM: Registered nosave memory: [mem 0xfee00000-0xfee00fff]
[    0.000000] PM: Registered nosave memory: [mem 0xfee01000-0xfffbffff]
[    0.000000] PM: Registered nosave memory: [mem 0xfffc0000-0xffffffff]
[    0.000000] e820: [mem 0xe0000000-0xfebfffff] available for PCI devices
[    0.000000] Booting paravirtualized kernel on KVM
[    0.000000] clocksource: refined-jiffies: mask: 0xffffffff max_cycles: 0xffffffff, max_idle_ns: 7645519600211568 ns
[    0.000000] setup_percpu: NR_CPUS:256 nr_cpumask_bits:256 nr_cpu_ids:4 nr_node_ids:1
[    0.000000] PERCPU: Embedded 33 pages/cpu @ffff88011fc000 r8192 d2898 u524288
[    0.000000] PV qspinlock hash table entries: 256 (order: 0, 4096 bytes)
[    0.000000] Built 1 zonelists in Node order, mobility grouping on.  Total pages: 1032057
[    0.000000] Pole: rmal
[    0.000000] Kernel command line: BOOT_IMAGE=/boot/vmlinuz-4.4.0-34-generic root=UUID=86fc81da-a2f4-4b78-bccb-9db99a8ead9c ro console=tty1 console=ttyS0
[    0.000000] PID hash table entries: 4096 (order: 3, 32768 bytes)
[    0.000000] Memory: 4017764K/4193848K available (8394K kerel cde1282K rwdata, 3944K rodata, 1480K init, 1292K bss, 176084K reserved, 0K cma-reserved)
[    0.000000] SLUB: HWalign=64, Order=0-3, MinObjects=0, CPUs=4, Nodes=1
[    0.000000] Hierarchical RCU implementation.
[    0.000000] 	Build-time adjustment of leaf fanout to 64.
[    0.000000] 	RCU restricting CPUs from NR_CPUS=256 to nr_cpu_ids=4.
[    0.000000] RCU: Adjusting geometry for rcu_fanout_leaf=64, nr_cpu_ids=4
[  00000] R_IRQS:16640 nr_irqs:456 16
[    0.000000] Console: colour VGA+ 80x255
[  000]onsole [tt] nabled
[    0.000000] console [ttyS0] enabled
[    0.000000] tsc: Detected 3501.976 MHz processor
[    4.875112] Calibrating delay loop (skipped) preset value.. 7003.95 BogoMIPS (lpj=14007904)
[    4.876287] pid_max: default: 32768 minimum: 301
[    4.876899] ACPI: Core revision 20150930
[    4.878160] ACPI: 2 ACPI AML tables successfully acquired and loaded
[    4.879073] Security Framework initialized
[    4.879656] Yama: becoming mindful.
[    4.880183] AppArmor: AppArmor initialized
[    4.881255] Dentry cache hash table entries: 524288 (order: 10, 4194304 bytes)
[  4.883600] Inode-cache hash table entries: 262144 (order: 9, 2097152 bytes)
[    4.978917] Mount-cache hash table entries: 8192 (order: 4, 65536 bytes)
[    4.979763] Mountpoint-cache hash table entries: 8192 (order: 4, 65536 bytes)
[    4.980811] Initializing cgroup subsys io
[    4.991898] Initializing cgroup subsys memory
[    4.992509] Initializing cgroupsys devices
[    5.127396] Initializing cgroup subsys freezer
[    5.128032] Initializing cgroup subsys net_cls
[    5.128632] Initializing cgroup subsys perf_event
[    5.129250] Initializing cgroup subsys net_prio
[    5.129860] Initializing cgroup subsys hugetlb
[    5.130512] Initializing cgroup subsys pids
[    5.131173] CPU: Physical Processor ID: 0
[    5.131767] CPU: Processor Core ID: 0
[    5.134716] mce: CPU supports 0 MCE banks
[    5.135291] Last level iTLB entries: 4KB 512, 2MB 8, 4MB 8
[    5.136004] Last level dTLB entries: 4KB 512, 2MB 32, 4MB 32, 1GB 0
[    5.138336] Freeing SMP alternatives memory: 28K (ffffffff820b4000 - ffffffff820bb000)
[    5.146039] ftrace: allocating 31994 entries in 125 pages
[    5.181830] smpboot: Max logical packages: 1
[   5.187725] smpboot: APIC(0) Converting physical 0 to logical package 0
[    5.235064] x2apic enabled
[    5.235734] Switched APIC routing to physical x2apic.
[    5.237306] ..TIMER: vector=0x30 apic1=0 pin1=2 apic2=-1 pin2=-1
[    5.349968] APIC calibration not consistent with PM-Timer: 104ms instead of 100ms
[    5.385428] APIC delta adjusted to PM-Timer: 6250007 (6500529)
[    5.386250] smpboot: CPU0: Intel(R) Core(TM) i5-3570 CPU @ 3.40GHz (family: 0x6, model: 0x3a, stepping: 0x9)
[    5.387701] Performance Events: unsupported p6 CPU model 58 no PMU driver, software events only.
[    5.388978] KVM setup paravirtual spinlock
[    5.395775] x86: Booting SMP configuration:
[    5.398850] .... node  #0, CPUs:      #1
[    5.399536] km-clock: cpu 1, msr 1:1fff3041, secondary cpu clock
[    5.450405] mce: CPU supports 0 MCE banks
[    5.452828]  #2
[    5.485119] kvm-clock: cpu 2, msr 1:1fff3081, secondary cpu clock
[    5.493095] mce: CPU supports 0 MCE banks
[    5.507141]  #3
[    5.529171] kvm-clock: cpu 3, msr 1:1fff30c1, secondary cpu clock
[    5.540542] mce: CPU supports 0 MCE banks
[    5.561251] x86: Booted up 1 node, 4 CPUs
[    5.563341] smpboot: Total of 4 processors activated (28015.80 BogoMIPS)
[    5.575028] devtmpfs: initialized
[    5.585163] evm: security.selinux
[    5.585668] evm: security.SMACK64
[    5.586155] evm: security.SMACK64EXEC
[    5.586679] evm: security.SMACK64TRANSMUTE
[    5.587257] evm: security.SMACK64MMAP
[    5.598356] evm: security.ima
[    5.598846] evm: security.capability
[    5.599609] clocksource: jiffies: mask: 0xffffffff max_cycles: 0xffffffff, max_idle_ns: 7645041785100000 ns
[    5.607828] pinctrl core: initialized pinctrl subsystem
[    5.608623] RTC time:  7:24:20, date: 08/13/16
[    5.609394] NET: Registered protocol family 16
[    5.618311] cpuidle: using governor ladder
[    5.706761] cpuidle: using governor menu
[    5.719951] PCCT header not found.
[    5.720523] ACPI: bus type PCI registered
[    5.721092] acpiphp: ACPI Hot Plug PCI Controller Driver version: 0.5
[    5.721961] PCI: Using configuration type 1 for base access
[    5.735486] ACPI: Added _OSI(Module Device)
[    5.774855] ACPI: Added _OSI(Processor Device)
[    5.782825] ACPI: Added _OSI(3.0 _SCP Extensions)
[    5.783471] ACPI: Added _OSI(Processor Aggregator Device)
[    5.784719] ACPI: Executed 1 blocks of module-level executable AML code
[    5.787088] ACPI: Interpreter enabled
[    5.787655] ACPI Exception: AE_NOT_FOUND, While evaluating Sleep State [\_S1_] (20150930/hwxface-580)
[    5.788984] ACPI Exception: AE_NOT_FOUND, While evaluating Sleep State [\_S2_] (20150930/hwxface-580)
[    5.790277] ACPI Exception: AE_NOT_FOUND, While evaluating Sleep State [\_S3_] (20150930/hwxface-580)
[    5.791616] ACPI Exception: AE_NOT_FOUND, While evaluating Sleep State [\_S4_] (20150930/hwxface-580)
[    5.792974] ACPI: (supports S0 S5)
[    5.793471] ACPI: Using IOAPIC for interrupt routing
[    5.794225] PCI: Using host bridge windows from ACPI; if necessary, use "pci=nocrs" and report a bug
[    5.798282] ACPI: PCI Root Bridge [PCI0] (domain 0000 [bus 00-ff])
[    5.806259] acpi PNP0A03:00: _OSC: OS supports [ASPM ClockPM Segments MSI]
[    5.807148] acpi PNP0A03:00: _OSC failed (AE_NOT_FOUND); disabling ASPM
[    5.807998] acpi PNP0A03:00: fail to add MMCONFIG information, can't access extended PCI configuration space under this bridge.
[    5.809600] PCI host bridge to bus 0000:00
[    5.810173] pci_bus 0000:00: root bus resource [io  0x0000-0x0cf7 window]
[    5.811007] pci_bus 0000:00: root bus resource [io  0x0d00-0xffff window]
[    5.811863] pci_bus 0000:00: root bus resource [mem 0x000a0000-0x000bffff window]
[    5.819223] pci_bus 0000:00: root bus resource [mem 0xe0000000-0xffdfffff window]
[    5.845371] pci_bus 0000:00: root bus resource [bus 00-ff]
[    5.878716] pci 0000:00:01.1: legacy IDE quirk: reg 0x10: [io  0x01f0-0x01f7]
[    5.880689] pci 0000:00:01.1: legacy IDE quirk: reg 0x14: [io  0x03f6]
[    5.891706] pci 0000:00:01.1: legacy IDE quirk: reg 0x18: [io  0x0170-0x0177]
[    5.892633] pci 0000:00:01.1: legacy IDE quirk: reg 0x1c: [io  0x0376]
[   5.958855] ACPI: PCI Interrupt Link [LNKA] (IRQs 5 9 10 *11)
[    5.992062] ACPI: PCI Interrupt Link [LNKB] (IRQs 5 9 10 *11)
[    5.994241] ACPI: PCI Interrupt Link [LNKC] (IRQs 5 9 *10 11)
[    5.995371] ACPI: PCI Interrupt Link [LNKD] (IRQs 5 *9 10 11)
[    5.998866] ACPI: Enabled 2 GPEs in block 00 to 07
[    6.005182] vgaarb: setting as boot device: PCI:0000:00:02.0
[    6.005910] vgaarb: device added: PCI:0000:00:02.0,decodes=io+mem,owns=io+mem,locks=none
[    6.007017] vgaarb: loaded
[    6.009157] vgaarb: bridge control possible 0000:00:02.0
[    6.010082] SCSI subsystem initialized
[    6.010791] ACPI: bus type USB registered
[    6.011394] usbcore: registered new interface driver usbfs
[    6.012125] usbcore: registered new interface driver hub
[    6.012831] usbcore: registered new device driver usb
[    6.013731] PCI: Using ACPI for IRQ routing
[    6.014577] NetLabel: Initializing
[    6.015092] NetLabel:  domain hash size = 128
[    6.031426] NetLabel:  protocols = UNLABELED CIPSOv4
[    6.032126] NetLabel:  unlabeled traffic allowed by default
[    6.033085] clocksource: Switched to clocksource kvm-clock
[    6.039443] AppArmor: AppArmor Filesystem Enabled
[    6.045364] pnp: PnP ACPI init
[    6.046420] pnp: PnP ACPI: found 3 devices
[ 6.5194] clocksource: acpi_pm: mask: 0xffffff max_cycles: 0xffffff, max_idle_ns: 2085701024 ns
  6.14] ET:Reisred protocol family 2
[    6.593876] TCP established hash table entries: 32768 (order: 6, 262144 bytes)
[    6.594969] TCP bind hash table entries: 32768 (order: 7, 524288 bytes)
[  6.596315] TCP: Hash tables configured (established 32768 bind 32768)
[   .6941]UD hshab eri: 04(oer 4, 65536 bytes)
[    7.260200] UDP-Lite hash table entries: 2048 (order: 4, 65536 bytes)
[    7.261028] NET: Registered protocol family 1
[    7.261641] pci 0000:00:00.0: Limiting direct PCI/PCI transfers
[    7.262378] pci 0000:00:01.0: Activating ISA DMA hang workarounds
[    7.263239] Trying to unpack rootfs image as initramfs...
[  7248]rengnid mo: 124(fff8834ede000 - ffff880036767000)
[    8.264209] PCI-DMA: Using software bounce buffering for IO (SWIOTLB)
[    8.265010] software IO TLB [mem 0xdbff0000-0xdfff0000] (64MB) mapped at [ffff8800dbff0000-ffff8800dffeffff]
[    8.266331] RAPL PMU detected, API unit is 2^-32 Joules, 3 fixed counters 10737418240 ms ovfl timer
[    8.267549] hw unit of domain pp0-core 2^-0 Joules
[    8.268178] hw unit of domain package 2^-0 Joules
[    8.268801] hw unit of domain pp1-gpu 2^-0 Joules
[    8.269492] platform rtc_cmos: registered platform RTC device (no PNP device found)
[    8.270625] Scanning for low memory corruption every 60 seconds
[  8.271820] futex hash table entries: 1024 (order: 4, 65536 bytes)
[    8.317674] audit: initializing netlink subsys (disabled)
[    8.318443] audit: type=2000 audit(1471073062.529:1): initialized
[   319471] Initialise system trusted keyring

[    8.399941] HugeTLB registered 2 MB page size, pre-allocated 0 pages
[    8.402017] zbu: oaded
[   .465] VFS: Disk quotas dquot_6.6.0
[  8865] FS Dotac hh blenie: 512 (ord 040 bes)
[  9250]sc Rin TC clocksource calibration35.3 M
[    9.425646] squashfs: version 4.0 (2009/01/31) Phillip Lougher
[   10.029699] fuse init (API version 7.23)
[   10.029819] Key type big_key registered
[   10.09838] Allocating IMA MOK and blacklist keyrings.
[   10.031493] Key type asymmetric registered
[   10.031499] Asymmetric key parser 'x509' registered
[   10.031540] Block layer SCSI generic (bsg) driver version 0.4 loaded (major 249)
[   10.031593] io scheduler noop registered
[   10.031594] io scheduler deadline registered (default)
[   10.031619] io scheduler cfq registered
[   10.031693] pci_hotplug: PCI Hot Plug PCI Core version: 0.5
[   10.031697] pciehp: PCI Express Hot Plug Controller Driver version: 0.4
[   10.031800] ACPI: AC Adapter [AC] (on-line)
[   10.031846] input: Power Button as /devices/LNXSYSTM:00/LNXPWRBN:00/input/input0
[   10.031849] ACPI: Power Button [PWRF]
[   10.031898] input: Sleep Button as /devices/LNXSYSTM:00/LNXSLPBN:00/input/input1
[   10.031899] ACPI: Sleep Button [SLPF]
[   10.032066] GHES: HEST is not enabled!
[   10.032465] virtio-pci 0000:00:03.0: virtio_pci: leaving for legacy driver
[   10.032858] virtio-pci 0000:00:08.0: virtio_pci: leaving for legacy driver
[   10.032969] Serial: 8250/16550 driver, 32 ports, IRQ sharing enabled
[   10.230983] 00:02: ttyS0 at I/O 0x3f8 (irq = 4, base_baud = 115200) is a 16550A
[   10.306197] Linux agpgart interface v0.103
[   10.383257] brd: module loaded
[   10.384432] loop: module loaded
[   10.384949] scsi host0: ata_piix
[   10.385102] scsi host1: ata_piix
[   10.385138] ata1: PATA max UDMA/33 cmd 0x1f0 ctl 0x3f6 bmdma 0xd000 irq 14
[   10.385139] ata2: PATA max UDMA/33 cmd 0x170 ctl 0x376 bmdma 0xd008 irq 15
[   10.385211] libphy: Fixed MDIO Bus: probed
[   10.385213] tun: Universal TUN/TAP device driver, 1.6
[   10.385213] tun: (C) 1999-2004 Max Krasnyansky <maxk@qualcomm.com>
[   10.385601] PPP generic driver version 2.4.2
[   10.385653] ehci_hcd: USB 2.0 'Enhanced' Host Controller (EHCI) Driver
[   10.385656] ehci-pci: EHCI PCI platform driver
[   10.385672] ehci-platform: EHCI generic platform driver
[   10.385678] ohci_hcd: USB 1.1 'Open' Host Controller (OHCI) Driver
[   10.385681] ohci-pci: OHCI PCI platform driver
[   10.385687] ohci-platform: OHCI generic platform driver
[   10.385692] uhci_hcd: USB Universal Host Controller Interface driver
[   10.385737] i8042: PNP: PS/2 Controller [PNP0303:PS2K,PNP0f03:PS2M] at 0x60,0x64 irq 1,12
[   10.554974] serio: i8042 KBD port at 0x60,0x64 irq 1
[   10.554980] serio: i8042 AUX port at 0x60,0x64 irq 12
[   10.555104] mousedev: PS/2 mouse device common for all mice
[   10.555346] rtc_cmos rtc_cmos: rtc core: registered rtc_cmos as rtc0
[   10.555389] rtc_cmos rtc_cmos: alarms up to one day, 114 bytes nvram
[   10.555395] i2c /dev entries driver
[   10.555441] device-mapper: uevent: version 1.0.3
[   10.555485] device-mapper: ioctl: 4.34.0-ioctl (2015-10-28) initialised: dm-devel@redhat.com
[   10.555500] ledtrig-cpu: registered to indicate activity on CPUs
[   10.556369] NET: Registered protocol family 10
[   10.556710] NET: Registered protocol family 17
[   10.556718] Key type dns_resolver registered
[   10.567981] microcode: CPU0 sig=0x306a9, pf=0x2, revision=0x19
[   10.567996] microcode: CPU1 sig=0x306a9, pf=0x2, revision=0x19
[   10.568049] microcode: CPU2 sig=0x306a9, pf=0x2, revision=0x19
[   10.568101] microcode: CPU3 sig=0x306a9, pf=0x2, revision=0x19
[   10.568156] microcode: Microcode Update Driver: v2.01 <tigran@aivazian.fsnet.co.uk>, Peter Oruba
[   10.568286] registered taskstats version 1
[   10.568301] Loading compiled-in X.509 certificates
[   10.568885] Loaded X.509 cert 'Build time autogenerated kernel key: c40ffa48d8617ce4553ee3ab59017c95e74f2501'
[   10.568907] zswap: loaded using pool lzo/zbud
[   10.570460] Key type trusted registered
[   10.572925] Key type encrypted registered
[   10.572938] AppArmor: AppArmor sha1 policy hashing enabled
[   10.572941] ima: No TPM chip found, activating TPM-bypass!
[   10.572957] evm: HMAC attrs: 0x1
[   10.573299]   Magic number: 12:104:420
[   10.653058] rtc_cmos rtc_cmos: setting system clock to 2016-08-13 07:24:25 UTC (1471073065)
[   10.653355] BIOS EDD facility v0.16 2004-Jun-25, 0 devices found
[   10.653355] EDD information not available.
[   10.683428] input: AT Translated Set 2 keyboard as /devices/platform/i8042/serio0/input/input2
[   12.339296] clocksource: tsc: mask: 0xffffffffffffffff max_cycles: 0x327c1bd97fb, max_idle_ns: 440795237522 ns
[   12.388742] Freeing unused kernel memory: 1480K (ffffffff81f42000 - ffffffff820b4000)
[   12.394273] Write protecting the kernel read-only data: 14336k
[   12.416100] Freeing unused kernel memory: 1832K (ffff880001836000 - ffff880001a00000)
[   12.422952] Freeing unused kernel memory: 152K (ffff880001dda000 - ffff880001e00000)
Loading, please [   12.466478] random: systemd-udevd urandom read with 3 bits of entropy available
wait...
starting version 229
[   12.778087] virtio_net virtio0 enp0s3: renamed from eth0
[   12.846859] virtio_net virtio1 enp0s8: renamed from eth1
[   12.925998] ACPI: Video Device [GFX0] (multi-head: yes  rom: no  post: no)
[   12.940970] input: Video Bus as /devices/LNXSYSTM:00/LNXSYBUS:00/PNP0A03:00/LNXVIDEO:00/input/input4
[   13.001058] FUJITSU Extended Socket Network Device Driver - version 1.0 - Copyright (c) 2015 FUJITSU LIMITED
[   13.100239] Fusion MPT base driver 3.04.20
[   13.107853] Copyright (c) 1999-2008 LSI Corporation
[   13.146988] Fusion MPT SPI Host driver 3.04.20
[   13.222807] mptbase: ioc0: Initiating bringup
[   13.275846] AVX version of gcm_enc/dec engaged.
[   13.336727] input: ImExPS/2 Generic Explorer Mouse as /devices/platform/i8042/serio1/input/input5
[   13.363710] ioc0: LSI53C1030 A0: Capabilities={Initiator}
[   13.575369] scsi host2: ioc0: LSI53C1030 A0, FwRev=00000000h, Ports=1, MaxQ=256, IRQ=20
[   13.612544] AES CTR mode by8 optimization enabled
[   13.725973] scsi 2:0:0:0: Direct-Access     VBOX     HARDDISK         1.0  PQ: 0 ANSI: 5
[   13.738498] scsi target2:0:0: Beginning Domain Validation
[   13.740388] scsi target2:0:0: Domain Validation skipping write tests
[   13.741278] scsi target2:0:0: Ending Domain Validation
[   13.756140] scsi target2:0:0: asynchronous
[   13.769023] scsi 2:0:1:0: Direct-Access     VBOX     HARDDISK         1.0  PQ: 0 ANSI: 5
[   13.775782] scsi target2:0:1: Beginning Domain Validation
[   13.777060] scsi target2:0:1: Domain Validation skipping write tests
[   13.781916] scsi target2:0:1: Ending Domain Validation
[   13.782639] scsi target2:0:1: asynchronous
[   13.788036] sd 2:0:0:0: Attached scsi generic sg0 type 0
[   13.789893] sd 2:0:0:0: [sda] 20971520 512-byte logical blocks: (10.7 GB/10.0 GiB)
[   13.807658] sd 2:0:0:0: [sda] Write Protect is off
[   13.809559] sd 2:0:1:0: Attached scsi generic sg1 type 0
[   13.809567] sd 2:0:1:0: [sdb] 20480 512-byte logical blocks: (10.5 MB/10.0 MiB)
[   13.809581] sd 2:0:0:0: [sda] Incomplete mode parameter data
[   13.809581] sd 2:0:0:0: [sda] Assuming drive cache: write through
[   13.841825] sd 2:0:1:0: [sdb] Write Protect is off
[   13.864662]  sda: sda1
[   13.871433] sd 2:0:1:0: [sdb] Incomplete mode parameter data
[   13.871627] sd 2:0:0:0: [sda] Attached SCSI disk
[   13.894957] sd 2:0:1:0: [sdb] Assuming drive cache: write through
[   13.959093] sd 2:0:1:0: [sdb] Attached SCSI disk
[   16.121903] floppy0: no floppy controllers found
Begin: Loading e[   17.646982] md: linear personality registered for level -1
ssential drivers ... [   17.684773] md: multipath personality registered for level -4
[   17.690010] md: raid0 personality registered for level 0
[   17.693681] md: raid1 personality registered for level 1
[   17.803527] raid6: sse2x1   gen() 10326 MB/s
[   17.989770] raid6: sse2x1   xor()  5304 MB/s
[   18.170054] raid6: sse2x2   gen() 11034 MB/s
[   18.445720] raid6: sse2x2   xor()  4728 MB/s
[   18.721294] raid6: sse2x4   gen()  5438 MB/s
[   19.005102] raid6: sse2x4   xor()  9703 MB/s
[   19.135567] raid6: using algorithm sse2x2 gen() 11034 MB/s
[   19.261974] raid6: .... xor() 4728 MB/s, rmw enabled
[   19.262648] raid6: using ssse3x2 recovery algorithm
[   19.561892] xor: automatically using best checksumming function:
[   19.777114]    avx       : 21401.000 MB/sec
[   19.911022] async_tx: api initialized (async)
[   19.922339] md: raid6 personality registered for level 6
[   19.999965] md: raid5 personality registered for level 5
[   20.116052] md: raid4 personality registered for level 4
[   20.315707] md: raid10 personality registered for level 10
done.
Begin: Running /scripts/init-premount ... done.
Begin: Mounting root file system ... Begin: Running /scripts/local-top ... done.
Begin: Running /scripts/local-premount ... [   20.520968] Btrfs loaded
Scanning for Btrfs filesystems
done.
Warning: fsck no[   20.637699] EXT4-fs (sda1): INFO: recovery required on readonly filesystem
t present, so sk[   20.838225] EXT4-fs (sda1): write access will be enabled during recovery
ipping root file system
[   21.156103] EXT4-fs (sda1): recovery complete
[   21.460222] EXT4-fs (sda1): mounted filesystem with ordered data mode. Opts: (null)
done.
Begin: Running /scripts/local-bottom ... done.
Begin: Running /scripts/init-bottom ... Warning: overlayroot: debug is busted
done.
[   22.84866] ysem1]syem 229running in system mode. (+PAM +AUDIT +SELINUX +IMA +APPARMOR +SMACK +SYSVINIT +UTMP +LIBCRYPTSETUP +GCRYPT +GNUTLS +ACL +XZ -LZ4 +SECCOMP +BLKID +ELFUTILS +KMOD -IDN)
[   23.201741] ysem1]Deected virtualization oracle.
  3.8740] systemd[1]: Detected architecture x6-.

Welcome to [1mUbuntu 16.04.1 LTS[0m!

[ 23858]anm:nonblocking ols nitialized
[   24.4017]ysmd]:etostnae to <ubuntu-xenial>.
[ 25215] systemd[1]: Listening on Device-mapper event daemon FIFOs.
[[0;32m  OK  [0m] Listening on Device-mapper event daemon FIFOs.
[   25.691507] systemd[1]: Created slice User and Session Slice.
[[0;32m  OK  [0m] Created slice User and Session Slice.
[   25.693047] systemd[1]: Started Forward Passwd Requests to Wal Directory Watch.
[[0;32m  OK  [0m] Started Forward Password Requests to Wall Directory Watch.
[   25.925345] systemd[1]: Rached target Swap.
[[0;32m  OK  [0m] Reached target Swap.
[   26.181306] systemd[1]: Reached target Encrypted Volumes.
[[0;32m  OK  [0m] Reached target Encrypted Volumes.
[   26.345396] systemd[1]: Listening on udev Kernel Socket.
[[0;32m  OK  [0m] Listening on udev Kernel Socket.
[   26.414091] systemd[1]: Listening on LVM2 poll daemon socket.
[[0;32m  OK  [0m] Listening on LVM2 poll daemon socket.
[   26.417912] systemd[1]: Listening on udev Control Socket.
[[0;32m  OK  [0m] Listening on udev Control Socket.
[  2.42160] sysem1]: Set up automout biar Eecutable File Formats File System Automount Point.
[[0;32m  OK  [0m] Set up automount Arbitrary Executab...ats File System Automount Point.
[   26.852299] systemd[1]: Listening on LVM2 metadata daemon socket.
[[0;32m  OK  [0m] Listening on LVM2 metadata daemon socket.
[   26.854949] systemd[1: ached targ Uernd Group Name Lookus. [[0;32m  OK  [0m] Reached target User and Group Name Lookups.
[   27.2349] ysmd1]: Listengonoualud Sckt.
[[0;32m  OK  [0m] Listening on Journal Audit Socket.
[   27.873388 ste[1: stin on Syslog Socket.
[[0;32m  OK  [0m] Listening on Syslog Socket.
[   28.235227] systmd]:Listening on /dev/initctl Compatibility Named Pipe.
[[0;32m  OK  [0m] Listening on /dev/initctl Compatibility Named Pipe.
[   28.390237] systemd[1]: Listening on Journal Socket (/dev/log).
[[0;32m  OK  [0m] Listening on Journal Socket (/dev/log).
[   28.391769] systemd[1]: Listening on Journal Socket.
[[0;32m  OK  [0m] Listening on Journal Socket.
[   28.393337] systemd[1]: Created slice System Slice.
[[0;32m  OK  [0m] Created slice System Slice.
[   28.394850] systemd[1]: Created slice system-serial\x2dgetty.slice.
[[0;32m  OK  [0m] Created slice system-serial\x2dgetty.slice.
[   28.873927] systemd[1]: Starting Journal Service...
         Starting Journal Service...
[   28.987908] systemd[1]: Starting Set console keymap...
         Starting Set console keymap...
[   29.137252] systemd[1]: Mounting POSIX Message Queue File System...
         Mounting POSIX Message Queue File System...
[   29.237376] systemd[1]: Starting Remount Root and Kernel File Systems...
[   29.243958] EXT4-fs (sda1): re-mounted. Opts: (null)
         Starting Remount Root and Kernel File Systems...
[   29.352505] systemd[1]: Starting Load Kernel Modules...
         Starting Load Kernel Modules...
[   29.366159] systemd[1]: Starting Nameserver information manager...
         Startin[   29.481176] Loading iSCSI transport class v2.0-870.
g Nameserver information manager...
[   29.590303] systemd[1]: Reached target Slices.
[[0;32m  OK  [0m] Reached target Slices.
[   29.639227] systemd[1]: Starting Create list of required static device nodes for the current kernel...
         Starting Create [   29.653600] iscsi: registered transport (tcp)
list of required st... nodes for the current kernel...
[   29.793378] systemd[1]: Starting Uncomplicated firewall...
         Starting Uncomplicated firewall...
[   29.861306] systemd[1]: Mounting Debug File System...
[   29.889439] iscsi: registered transport (iser)
         Mounting Debug File System...
[   29.969911] systemd[1]: Starting Monitoring of LVM2 mirrors, snapshots etc. using dmeventd or progress polling...
         Starting Monitoring of LVM2 mirrors... dmeventd or progress polling...
[   30.059243] systemd[1]: Mounting Huge Pages File System...
         Mounting Huge Pages File System...
[   30.130418] systemd]:ounted Huge Pages File System.
[[0;32m  OK  [0m] Mounted Huge Pages File System.
[   30.460712] systemd[1: outed SIMeagQue Fe System.
[[0;32m  OK  [0m] Mounted POSIX Message Queue File System.
[   30.843894] systemd[1]: Mounted Debug File System.
[[0;32m  OK  [0m] Mounted Debug File System.
[ 30.870808]ystemd[1]: Started Journal Service.
[[0;32m  OK  [0m] Started Journal Service.
[[0;32m  OK  [0m] Started Set console keymap.
[[0;32m  OK  [0m] Started Remount Root and Kernel File Systems.
[[0;32m  OK  [0m] Started Load Kernel Modules.
[[0;32m  OK  [0m] Started Create list of required sta...ce nodes for the current kernel.
[[0;32m  OK  [0m] Started Uncomplicated firewall.
[[0;32m  OK  [0m] Started Nameserver information manager.
[[0;32m  OK  [0m] Started LVM2 metadata daemon.
         Starting Create Static Device Nodes in /dev...
         Mounting FUSE Control File System...
         Starting Apply Kernel Variables...
         Starting Load/Save Random Seed...
         Starting udev Coldplug all Devices...
         Starting Flush Journal to Persistent Storage...
[[0;32m  OK  [0m] Mounted FUSE Control File System.
[[0;32m  OK  [0m] Started Create Static Device Nodes in /dev.
[[0;32m  OK  [0m] Started Apply Kernel Variables.
[[0;32m  OK  [0m] Started Load/Save Random Seed.
[[0;32m  OK  [0m] Started udev Coldplug all Devices.
         Starting udev Kernel Device Manager...
[[0;32m  OK  [0m] Started Flush Journal to Persistent Storage.
[[0;32m  OK  [0m] Started udev Kernel Device Manager.
[[0;32m  OK  [0m] Started Dispatch Password Requests to Console Directory Watch.
[[0;32m  OK  [0m] Started Monitoring of LVM2 mirrors,...ng dmeventd or progress polling.
[[0;32m  OK  [0m] Reached target Local File Systems (Pre).
[[0;32m  OK  [0m] Reached target Local File Systems.
         Starting Initial cloud-init job (pre-networking)...
         Starting Create Volatile Files and Directories...
         Starting Set console font and keymap...
         Starting LSB: AppArmor initialization...
         Starting Tell Plymouth To Write Out Runtime Data...
[   32.455629] piix4_smbus 0000:00:07.0: SMBus base address uninitialized - upgrade BIOS or use force_addr=0xaddr
[[0;32m  OK  [0m] Found device /dev/ttyS0.
[[0;32m  OK  [0m] Started Tell Plymouth To Write Out Runtime Data.
[[0;32m  OK  [0m] Listening on Load/Save RF Kill Switch Status /dev/rfkill Watch.
[[0;32m  OK  [0m] Started Create Volatile Files and Directories.
         Starting Network Time Synchronization...
         Starting Update UTMP about System Boot/Shutdown...
[   32.975452] intel_rapl: no valid rapl domains found in package 0
[[0;32m  OK  [0m] Started Network Time Synchronization.
[   33.254286] intel_rapl: no valid rapl domains found in package 0
[[0;32m  OK  [0m] Started Update UTMP about System Boot/Shutdown.
[[0;32m  OK  [0m] Reached target System Time Synchronized.
[[0;32m  OK  [0m] Found device Virtio network device.
[[0;32m  OK  [0m] Found device Virtio network device.
[[0;32m  OK  [0m] Reached target Sound Card.
[   29.591457] cloud-init[1299]: Cloud-init v. 0.7.7 running 'init-local' at Sat, 13 Aug 2016 07:24:49 +0000. Up 29.15 seconds.
[[0;32m  OK  [0m] Started Initial cloud-init job (pre-networking).
[[0;32m  OK  [0m] Reached target Network (Pre).
[[0m[0;31m*     [0m] (1 of 2) A start job is running for... initialization (15s / no limit)[K[[0;1;31m*[0m[0;31m*    [0m] (1 of 2) A start job is running for... initialization (15s / no limit)[K[[0;31m*[0;1;31m*[0m[0;31m*   [0m] (1 of 2) A start job is running for... initialization (16s / no limit)[K[ [0;31m*[0;1;31m*[0m[0;31m*  [0m] (2 of 2) A start job is running for...font and keymap (16s / no limit)[K[  [0;31m*[0;1;31m*[0m[0;31m* [0m] (2 of 2) A start job is running for...font and keymap (17s / no limit)[K[   [0;31m*[0;1;31m*[0m[0;31m*[0m] (2 of 2) A start job is running for...font and keymap (17s / no limit)[K[    [0;31m*[0;1;31m*[0m] (1 of 2) A start job is running for... initialization (18s / no limit)[K[     [0;31m*[0m] (1 of 2) A start job is running for... initialization (18s / no limit)[K[    [0;31m*[0;1;31m*[0m] (1 of 2) A start job is running for... initialization (19s / no limit)[K[   [0;31m*[0;1;31m*[0m[0;31m*[0m] (2 of 2) A start job is running for...font and keymap (19s / no limit)[K[  [0;31m*[0;1;31m*[0m[0;31m* [0m] (2 of 2) A start job is running for...font and keymap (20s / no limit)[K[ [0;31m*[0;1;31m*[0m[0;31m*  [0m] (2 of 2) A start job is running for...font and keymap (20s / no limit)[K[[0;31m*[0;1;31m*[0m[0;31m*   [0m] (1 of 2) A start job is running for... initialization (21s / no limit)[K[[0;1;31m*[0m[0;31m*    [0m] (1 of 2) A start job is running for... initialization (21s / no limit)[K[[0m[0;31m*     [0m] (1 of 2) A start job is running for... initialization (22s / no limit)[K[[0;1;31m*[0m[0;31m*    [0m] (2 of 2) A start job is running for...font and keymap (22s / no limit)[K[[0;31m*[0;1;31m*[0m[0;31m*   [0m] (2 of 2) A start job is running for...font and keymap (23s / no limit)[K[ [0;31m*[0;1;31m*[0m[0;31m*  [0m] (2 of 2) A start job is running for...font and keymap (23s / no limit)[K[  [0;31m*[0;1;31m*[0m[0;31m* [0m] (1 of 2) A start job is running for... initialization (24s / no limit)[K[   [0;31m*[0;1;31m*[0m[0;31m*[0m] (1 of 2) A start job is running for... initialization (24s / no limit)[K[    [0;31m*[0;1;31m*[0m] (1 of 2) A start job is running for... initialization (25s / no limit)[K[     [0;31m*[0m] (2 of 2) A start job is running for...font and keymap (25s / no limit)[K[    [0;31m*[0;1;31m*[0m] (2 of 2) A start job is running for...font and keymap (26s / no limit)[K[   [0;31m*[0;1;31m*[0m[0;31m*[0m] (2 of 2) A start job is running for...font and keymap (26s / no limit)[K[  [0;31m*[0;1;31m*[0m[0;31m* [0m] (1 of 2) A start job is running for... initialization (27s / no limit)[K[ [0;31m*[0;1;31m*[0m[0;31m*  [0m] (1 of 2) A start job is running for... initialization (27s / no limit)[K[[0;31m*[0;1;31m*[0m[0;31m*   [0m] (1 of 2) A start job is running for... initialization (28s / no limit)[K[[0;1;31m*[0m[0;31m*    [0m] (2 of 2) A start job is running for...font and keymap (28s / no limit)[K[[0m[0;31m*     [0m] (2 of 2) A start job is running for...font and keymap (29s / no limit)[K[[0;1;31m*[0m[0;31m*    [0m] (2 of 2) A start job is running for...font and keymap (29s / no limit)[K[[0;31m*[0;1;31m*[0m[0;31m*   [0m] (1 of 2) A start job is running for... initialization (30s / no limit)[K[ [0;31m*[0;1;31m*[0m[0;31m*  [0m] (1 of 2) A start job is running for... initialization (30s / no limit)[K[  [0;31m*[0;1;31m*[0m[0;31m* [0m] (1 of 2) A start job is running for... initialization (31s / no limit)[K[   [0;31m*[0;1;31m*[0m[0;31m*[0m] (2 of 2) A start job is running for...font and keymap (32s / no limit)[K[    [0;31m*[0;1;31m*[0m] (2 of 2) A start job is running for...font and keymap (32s / no limit)[K[     [0;31m*[0m] (2 of 2) A start job is running for...font and keymap (33s / no limit)[K[    [0;31m*[0;1;31m*[0m] (1 of 2) A start job is running for... initialization (33s / no limit)[K[   [0;31m*[0;1;31m*[0m[0;31m*[0m] (1 of 2) A start job is running for... initialization (34s / no limit)[K[  [0;31m*[0;1;31m*[0m[0;31m* [0m] (1 of 2) A start job is running for... initialization (34s / no limit)[K[ [0;31m*[0;1;31m*[0m[0;31m*  [0m] (2 of 2) A start job is running for...font and keymap (35s / no limit)[K[[0;31m*[0;1;31m*[0m[0;31m*   [0m] (2 of 2) A start job is running for...font and keymap (35s / no limit)[K[[0;1;31m*[0m[0;31m*    [0m] (2 of 2) A start job is running for...font and keymap (36s / no limit)[K[[0m[0;31m*     [0m] (1 of 2) A start job is running for... initialization (36s / no limit)[K[[0;1;31m*[0m[0;31m*    [0m] (1 of 2) A start job is running for... initialization (37s / no limit)[K[[0;31m*[0;1;31m*[0m[0;31m*   [0m] (1 of 2) A start job is running for... initialization (37s / no limit)[K[ [0;31m*[0;1;31m*[0m[0;31m*  [0m] (2 of 2) A start job is running for...font and keymap (38s / no limit)[K[[0;32m  OK  [0m] Started Set console font and keymap.
[[0;32m  OK  [0m] Started LSB: AppArmor initialization.
[[0;32m  OK  [0m] Reached target System Initialization.
[[0;32m  OK  [0m] Started ACPI Events Check.
[[0;32m  OK  [0m] Started Timer to automatically refresh installed snaps.
         Starting Socket activation for snappy daemon.
         Starting Docker Socket for the API.
[[0;32m  OK  [0m] Listening on ACPID Listen Socket.
[[0;32m  OK  [0m] Started Daily Cleanup of Temporary Directories.
[[0;32m  OK  [0m] Listening on UUID daemon activation socket.
[[0;32m  OK  [0m] Started Daily apt activities.
[[0;32m  OK  [0m] Reached target Timers.
[[0;32m  OK  [0m] Started Trigger resolvconf update for networkd DNS.
[[0;32m  OK  [0m] Reached target Paths.
[[0;32m  OK  [0m] Listening on D-Bus System Message Bus Socket.
         Starting LXD - unix socket.
[[0;32m  OK  [0m] Started ifup for enp0s8.
         Starting Raise network interfaces...
[[0;32m  OK  [0m] Started ifup for enp0s3.
[[0;32m  OK  [0m] Created slice system-getty.slice.
[[0;32m  OK  [0m] Listening on Socket activation for snappy daemon.
[[0;32m  OK  [0m] Listening on Docker Socket for the API.
[[0;32m  OK  [0m] Listening on LXD - unix socket.
[[0;32m  OK  [0m] Reached target Sockets.
[[0;32m  OK  [0m] Reached target Basic System.
[[0;32m  OK  [0m] Started ACPI event daemon.
         Starting Daily apt activities...
         Starting LSB: MD monitoring daemon...
         Starting Accounts Service...
         Starting LXD - container startup/shutdown...
[[0;32m  OK  [0m] Started D-Bus System Message Bus.
         Starting LSB: Record successful boot for GRUB...
         Starting Login Service...
[[0;32m  OK  [0m] Started Deferred execution scheduler.
         Starting System Logging Service...
[[0;32m  OK  [0m] Started FUSE filesystem for LXC.
[[0;32m  OK  [0m] Started Regular background program processing daemon.
[[0;32m  OK  [0m] Started Snappy daemon.
[[0;32m  OK  [0m] Started Login Service.
         Starting Authenticate and Authorize Users to Run Privileged Tasks...
[[0;32m  OK  [0m] Started Raise network interfaces.
[[0;32m  OK  [0m] Started LSB: Record successful boot for GRUB.
[[0;32m  OK  [0m] Reached target Network.
         Starting Automatically refresh installed snaps...
         Starting Docker Application Container Engine...
         Starting Initial cloud-init job (metadata service crawler)...
[[0;32m  OK  [0m] Started System Logging Service.
[[0;32m  OK  [0m] Started LSB: MD monitoring daemon.
[[0;32m  OK  [0m] Started Authenticate and Authorize Users to Run Privileged Tasks.
[[0;32m  OK  [0m] Started Accounts Service.
[[0;32m  OK  [0m] Started LXD - container startup/shutdown.
[   63.119067] cloud-init[2376]: Cloud-init v. 0.7.7 running 'init' at Sat, 13 Aug 2016 07:25:21 +0000. Up 60.88 seconds.
[   63.182382] cloud-init[2376]: ci-info: ++++++++++++++++++++++++++++++++++++++Net device info++++++++++++++++++++++++++++++++++++++
[   63.182600] cloud-init[2376]: ci-info: +--------+------+-----------------------------+---------------+-------+-------------------+
[[0;32m  OK  [0m] Started Initial cloud-init job (metadata service crawler).
[   63.182732] cloud-init[2376]: ci-info: | Device |  Up  |           Address           |      Mask     | Scope |     Hw-Address    |
[   63.432746] cloud-init[2376]: ci-info: +--------+------+-----------------------------+---------------+-------+-------------------+
[   63.433002] cloud-init[2376]: ci-info: | enp0s3 | True |          10.0.2.15          | 255.255.255.0 |   .   | 02:27:02:59:b5:cb |
[[0;32m  OK  [0m] Reached target Cloud-config availability.
[[   63.433103] cloud-init[2376]: ci-info: | enp0s3 | True |  fe80::27:2ff:fe59:b5cb/64  |       .       |  link | 02:27:02:59:b5:cb |
[   63.611381] cloud-init[2376]: ci-info: |   lo   | True |          127.0.0.1          |   255.0.0.0   |   .   |         .         |
[   63.611434] cloud-init[2376]: ci-info: |   lo   | True |           ::1/128           |       .       |  host |         .         |
[   63.611529] cloud-init[2376]: ci-info: | enp0s8 | True |           10.0.0.3          | 255.255.255.0 |   .   | 08:00:27:1f:af:9b |
[   63.611636] cloud-init[2376]: ci-info: | enp0s8 | True | fe80::a00:27ff:fe1f:af9b/64 |       .       |  link | 08:00:27:1f:af:9b |
[   63.611736] cloud-init[2376]: ci-info: +--------+------+-----------------------------+---------------+-------+-------------------+
[   63.611833] cloud-init[2376]: ci-info: +++++++++++++++++++++++++++Route IPv4 info++++++++++++++++++++++++++++
[   63.612050] cloud-init[2376]: ci-info: +-------+-------------+----------+---------------+-----------+-------+
[0;32m  OK  [0m] Reached target Network is Online.
[   63.612163] cloud-init[2376]: ci-info: | Route | Destination | Gateway  |    Genmask    | Interface | Flags |
[   63.696364] cloud-init[2376]: ci-info: +-------+-------------+----------+---------------+-----------+-------+
[   63.696626] cloud-init[2376]: ci-info: |   0   |   0.0.0.0   | 10.0.2.2 |    0.0.0.0    |   enp0s3  |   UG  |
         Starting /etc/rc.local Compatibility...
[   63.696732] cloud-init[2376]: ci-info: |   1   |   10.0.0.0  | 0.0.0.0  | 255.255.255.0 |   enp0s8  |   U   |
[   63.944391] cloud-init[2376]: ci-info: |   2   |   10.0.2.0  | 0.0.0.0  | 255.255.255.0 |   enp0s3  |   U   |
[   63.944651] cloud-init[2376]: ci-info: +-------+-------------+----------+---------------+-----------+-------+
         Starting iSCSI initiator daemon (iscsid)...
         Starting Apply the settings specified in cloud-config...
         Starting OpenBSD Secure Shell server...
[[0;32m  OK  [0m] Started Automatically refresh installed snaps.
[[0;32m  OK  [0m] Started /etc/rc.local Compatibility.
[[0;32m  OK  [0m] Started iSCSI initiator daemon (iscsid).
         Starting Login to default iSCSI targets...
[[0;32m  OK  [0m] Started OpenBSD Secure Shell server.
[[0;32m  OK  [0m] Started Login to default iSCSI targets.
[[0;32m  OK  [0m] Reached target Remote File Systems (Pre).
[[0;32m  OK  [0m] Reached target Remote File Systems.
         Starting LSB: Set the CPU Frequency Scaling governor to "ondemand"...
         Starting Permit User Sessions...
         Starting LSB: automatic crash report generation...
         [   64.756592] cloud-init[2472]: Cloud-init v. 0.7.7 running 'modules:config' at Sat, 13 Aug 2016 07:25:24 +0000. Up 64.31 seconds.
Starting LSB: daemon to balance interrupts for SMP systems...
         Starting LSB: Set up cgroupfs mounts....
[[0;32m  OK  [0m] Started Apply the settings specified in cloud-config.
[[0;32m  OK  [0m] Started Permit User Sessions.
[[0;32m  OK  [0m] Started LSB: Set up cgroupfs mounts..
[[0;32m  OK  [0m] Started LSB: Set the CPU Frequency Scaling governor to "ondemand".
         Starting Terminate Plymouth Boot Screen...
         Starting Hold until boot process finishes up...
         Starting Execute cloud user/final scripts...
[[0;32m  OK  [0m] Started LSB: automatic crash report generation.
[[0;32m  OK  [0m] Started LSB: daemon to balance interrupts for SMP systems.
[[0;32m  OK  [0m] Started Terminate Plymouth Boot Screen.
[[0;32m  OK  [0m] Started Hold until boot process finishes up.
         Starting Set console scheme...
[[0;32m  OK  [0m] Started Getty on tty1.
[[0;32m  OK  [0m] Started Serial Getty on ttyS0.
[[0;32m  OK  [0m] Reached target Login Prompts.
[[0;32m  OK  [0m] Started Set console scheme.
[   65.330771] cloud-init[2697]: Cloud-init v. 0.7.7 running 'modules:final' at Sat, 13 Aug 2016 07:25:25 +0000. Up 65.18 seconds.
[   65.380454] cloud-init[2697]: Cloud-init v. 0.7.7 finished at Sat, 13 Aug 2016 07:25:25 +0000. Datasource DataSourceNoCloud [seed=/dev/sdb][dsmode=net].  Up 65.32 seconds
[[0;32m  OK  [0m] Started Execute cloud user/final scripts.
[[0;32m  OK  [0m] Reached target Cloud-init target.
[[0;32m  OK  [0m] Started Docker Application Container Engine.
[[0;32m  OK  [0m] Reached target Multi-User System.
[[0;32m  OK  [0m] Reached target Graphical Interface.
         Starting Update UTMP about System Runlevel Changes...
[[0;32m  OK  [0m] Started Update UTMP about System Runlevel Changes.

Ubuntu 16.04.1 LTS ubuntu-xenial ttyS0

ubuntu-xenial login: 